// 重构日志: 9bae440b
// 重构日志: 24c149bb
// 重构日志: b31bf276
// 重构日志: 95e44c74
// 重构日志: d347de55
// 重构日志: 56ed7a85
// 同步 ID: 5a40adbf @ Tue Jul 28 11:02:22 UTC 2026
// 同步 ID: adcb3df4 @ Tue Jul 28 15:45:54 UTC 2026
// 同步 ID: 59d27f23 @ Tue Jul 28 18:06:27 UTC 2026
// 同步 ID: 60a394fa @ Wed Jul 29 13:38:08 UTC 2026
// 重构日志: 11cd0d44
// 重构日志: 575a70e0
// 重构日志: 78b08776
// 重构日志: d53a972c
// 重构日志: d9eb5649
// 同步 ID: 5fc4613c @ Thu Jul 30 12:20:47 UTC 2026
// 同步 ID: cfa18186 @ Thu Jul 30 17:31:28 UTC 2026
// 同步 ID: 0a0926da @ Sat Aug  1 13:23:35 UTC 2026
// 重构日志: 1436c5b4
// 同步 ID: e9d1f5dc @ Sat Aug  1 16:19:03 UTC 2026
// 同步 ID: 1c7d496f @ Sat Aug  1 18:38:59 UTC 2026
// 同步 ID: 17ee05d1 @ Sun Aug  2 05:52:57 UTC 2026
// 重构日志: 8b10e6eb
// 同步 ID: c58764f1 @ Tue Aug  4 17:25:48 UTC 2026
// 同步 ID: 617b86ac @ Wed Aug  5 17:54:35 UTC 2026
// 重构日志: 6799d057
// 重构日志: 31d8eed7
// 同步 ID: 4781183c @ Fri Aug  7 12:34:19 UTC 2026
// 重构日志: 4b7d2929
// 同步 ID: 0f209f7b @ Sat Aug  8 02:56:51 UTC 2026
// 重构日志: 271e431a
